Showing papers for search query "Testing"+"Regulated+Domain"

     Search term "Testing"+"Regulated+Domain"
     Title Physicians and patients who friend or tweet: Constructing a legal framework for social networking in a highly regulated domain
     Author ['NP Terry']
     Venue Ind. L. Rev.
     Year 2009
     Abstract Volume 43 2010 Number 2 ARTICLES PHYSICIANS AND PATIENTS WHO "FRIEND" OR "TWEET": CONSTRUCTING A LEGAL FRAMEWORK FOR SOCIAL NETWORKING IN A HIGHLY REGULATED DOMAIN NIcOLAs P. TERRY* Introduction
     Url https://heinonline.org/hol-cgi-bin/get_pdf.cgi?handle=hein.journals/indilr43&section=20


     Search term "Testing"+"Regulated+Domain"
     Title Serine 649 phosphorylation within the protein kinase C-regulated domain down-regulates CARMA1 activity in lymphocytes
     Author ['ME Moreno-García', 'K Sommer']
     Venue The Journal of …
     Year 2009
     Abstract [Not Found]
     Url https://www.jimmunol.org/content/183/11/7362.short


     Search term "Testing"+"Regulated+Domain"
     Title The yeast heat shock transcription factor contains a transcriptional activation domain whose activity is repressed under nonshock conditions
     Author ['J Nieto-Sotelo', 'G Wiederrecht', 'A Okuda', 'CS Parker']
     Venue Cell
     Year 1990
     Abstract As amino-terminal sequences are progressively deleted from the temperature-regulated domain (HSTF20,-6,s), a stepwise increase in constitutive transcriptional  We are currently testing the roles of all the do- mains identified by the fusion protein experiments in the context of
     Url https://www.sciencedirect.com/science/article/pii/009286749090124W


     Search term "Testing"+"Regulated+Domain"
     Title Integrating model-based and constraint-based testing using SpecExplorer
     Author ['V Vishal', 'M Kovacioglu', 'R Kherazi']
     Venue 2012 ieee 23rd …
     Year 2012
     Abstract Hence, the present work is carried out in a strictly regulated domain, which requires a clear, traceable and effective test and quality  Although the current setup of the test environment has provided a flexible solution for semi- automatic testing of various configurations and setups
     Url https://ieeexplore.ieee.org/abstract/document/6405445/


     Search term "Testing"+"Regulated+Domain"
     Title The MPAC domain is a novel mitotically regulated domain, removed by apoptotic protease cleavage during cell death
     Author ['S Spinette', 'JA Mahoney', 'A Rosen']
     Venue Biochemical and biophysical research …
     Year 2006
     Abstract The MPAC domain is a novel mitotically regulated domain, removed by apoptotic protease cleavage during cell death  We next addressed whether phosphorylation of wild type Ufd2a (expressed in Sf9 cells) by Cdk1 can affect its catalytic activity by testing phosphorylated and
     Url https://www.sciencedirect.com/science/article/pii/S0006291X06015531


     Search term "Testing"+"Regulated+Domain"
     Title Distinct Ca-dependent Properties of the First and Second C-domains of Synaptotagmin I
     Author ['S Sugita', 'Y Hata', 'TC Südhof']
     Venue Journal of Biological Chemistry
     Year 1996
     Abstract These data suggest that in addition to the first C -domain, the second C -domain of SytI is a Ca -regulated domain  For the experiments testing the effects of various cations, identical procedures were used except that the extraction was performed in the absence of EDTA, no
     Url https://www.jbc.org/content/271/3/1262.short


     Search term "Testing"+"Regulated+Domain"
     Title MC/DC automatic test input data generation
     Author ['Z Awedikian', 'K Ayari', 'G Antoniol']
     Venue … of the 11th Annual conference on …
     Year 2009
     Abstract In regulated domain such as aerospace and in safety critical do- mains, software quality assurance is subject to strict regulation such as the RTCA  MC/DC is a white box testing criterion aim- ing at proving that all conditions involved in a predicate can influ- ence the
     Url https://dl.acm.org/doi/abs/10.1145/1569901.1570123


     Search term "Testing"+"Regulated+Domain"
     Title The application of a lean software development methodology within the regulated domain of medical device software
     Author ['O Cawley']
     Venue NA
     Year 2013
     Abstract Page 1. The Application of a Lean Software Development Methodology within the Regulated Domain of Medical Device Software Oisín Cawley Ph.D. 2013 Supervised by: Dr. Ita Richardson Dr. Xiaofeng Wang Submitted to the University of Limerick, November 2013 Page 2
     Url https://www.researchgate.net/profile/Oisin_Cawley/publication/291823790_The_Application_of_a_Lean_Software_Development_Methodology_within_the_Regulated_Domain_of_Medical_Device_Software/links/56a6561308ae6c437c1aeae8.pdf


     Search term "Testing"+"Regulated+Domain"
     Title The barriers to traceability and their potential solutions: Towards a reference framework
     Author ['G Regan', 'F McCaffery', 'K McDaid']
     Venue 2012 38th Euromicro …
     Year 2012
     Abstract Additionally, given the importance of traceability in the regulated domain of safety critical software, the paper compares the barriers  traceability information is fundamental for a number of reasons including change impact analysis, requirements validation and regression testing
     Url https://ieeexplore.ieee.org/abstract/document/6328169/


     Search term "Testing"+"Regulated+Domain"
     Title Chromosomal basis of X chromosome inactivation: identification of a multigene domain in Xp11. 21-p11. 22 that escapes X inactivation
     Author ['AP Miller', 'HF Willard']
     Venue … of the National Academy of Sciences
     Year 1998
     Abstract Skip to main content
     Url https://www.pnas.org/content/95/15/8709.short


     Search term "Testing"+"Regulated+Domain"
     Title Enhancing domain-specific supervised natural language intent classification with a top-down selective ensemble model
     Author ['GB Jenset', 'B McGillivray']
     Venue Machine Learning and Knowledge Extraction
     Year 2019
     Abstract For the MCS ensemble testing, we settled for testing the simpler, model selection approach, following the MVP logic outlined above [29  intents than what is often used for academic research [8] and aiming to improve the accuracy and F1 scores in a particular, regulated domain
     Url https://www.mdpi.com/2504-4990/1/2/37


     Search term "Testing"+"Regulated+Domain"
     Title Trusted product lines
     Author ['S Hutchesson', 'J McDermid']
     Venue Information and Software Technology
     Year 2013
     Abstract Civil aerospace is a typical example of a regulated domain, in which software is developed to a set of industry guidelines and is subject to audit  ie not fine grained in order to reduce integration and testing effort.” [7]. This is a practical example of an issue that is fundamental to
     Url https://www.sciencedirect.com/science/article/pii/S0950584912001085


     Search term "Testing"+"Regulated+Domain"
     Title Agile challenges within regulated healthcare environments
     Author ['M Jamot', 'M Pettersson']
     Venue NA
     Year 2016
     Abstract still many challenges and uncertainties facing practition- ers working with, or wanting to adopt an agile methodology within the regulated domain  The implementation of agile in regulated healthcare environments has had some research and testing but the field is still reported
     Url https://odr.chalmers.se/handle/20.500.12380/238429


     Search term "Testing"+"Regulated+Domain"
     Title Nedd4-WW domain-binding protein 5 (Ndfip1) is associated with neuronal survival after acute cortical brain injury
     Author ['Q Sang', 'MH Kim', 'S Kumar', 'N Bye']
     Venue Journal of …
     Year 2006
     Abstract [Not Found]
     Url https://www.jneurosci.org/content/26/27/7234.short


     Search term "Testing"+"Regulated+Domain"
     Title Sociotechnical systems as a framework for regulatory system design and evaluation: Using Work Domain Analysis to examine a new regulatory system
     Author ['T Carden', 'N Goode', 'GJM Read', 'PM Salmon']
     Venue Applied Ergonomics
     Year 2019
     Abstract The output, an Abstraction Hierarchy (AH) (Jenkins et al., 2009) describes the system across five levels: 1. Functional purposes: the reasons why the system exists (eg a regulatory system may exist to control safety within the regulated domain). 2
     Url https://www.sciencedirect.com/science/article/pii/S0003687017300558


     Search term "Testing"+"Regulated+Domain"
     Title Stakeholder identification for a structured release planning approach in the automotive domain
     Author ['K Marner', 'S Wagner', 'G Ruhe']
     Venue arXiv preprint arXiv:2011.00227
     Year 2020
     Abstract HPCP. This supplier is responsible for hardware development, integration of (all) software, product validation (testing) and production of the computing platform. The  stakeholders. The automotive domain is a strongly regulated domain. The
     Url https://arxiv.org/abs/2011.00227


     Search term "Testing"+"Regulated+Domain"
     Title Assessing COTS software in a certifiable safety‐critical domain
     Author ['E Kesseler']
     Venue Information Systems Journal
     Year 2008
     Abstract In such a highly regulated domain, voluntary changes involving multiple actors take long negotiation times and are rare  can be accommodated by a well‐understood development process from architectural design via detailed design to implementation, testing and verification
     Url https://onlinelibrary.wiley.com/doi/abs/10.1111/j.1365-2575.2007.00257.x


     Search term "Testing"+"Regulated+Domain"
     Title Legal rules learning based on a semantic model for legislation
     Author ['E Francesconi']
     Venue Workshop Programme
     Year 2010
     Abstract conceptual knowl- edge base (thesaurus, ontology, semantic network) able to provide information and relationships among the Entities of a regulated domain  1). Some experiments testing the reliability of xmLegesExtrac- tor have been carried out on a subset of 209 provisions
     Url http://lrec.elra.info/proceedings/lrec2010/workshops/W23.pdf#page=51


     Search term "Testing"+"Regulated+Domain"
     Title The need for contextual approaches to the history of mental testing.
     Author ['A Mülberger']
     Venue History of psychology
     Year 2014
     Abstract but does not seem to have been aware of Samelson's reply and further work on the history of mental testing (Samelson, 1977)  the formation of what he called the “psychological complex” (see also N. Rose, 1985), referring to “a heterogeneous but regulated domain of agents, of
     Url https://psycnet.apa.org/doiLanding?doi=10.1037/a0037487


     Search term "Testing"+"Regulated+Domain"
     Title Integrating a bottom–up and top–down methodology for building semantic resources for the multilingual legal domain
     Author ['E Francesconi', 'S Montemagni', 'W Peters']
     Venue Semantic processing of …
     Year 2010
     Abstract Page 1. Integrating a Bottom–Up and Top–Down Methodology for Building Semantic Resources for the Multilingual Legal Domain Enrico Francesconi1, Simonetta Montemagni2, Wim Peters3, and Daniela Tiscornia1 1 Institute
     Url https://link.springer.com/chapter/10.1007/978-3-642-12837-0_6


     Search term "Testing"+"Regulated+Domain"
     Title Bringing IS innovation in a highly-regulated environment: a collective action perspective
     Author ['B Rukanova', 'HZ Henriksen', 'E Van Stijn']
     Venue Research …
     Year 2009
     Abstract In the BeerLL specifically we investigate how the BeerLL emerges as a new power base (along with the EU and national administrations) to try to bring innovation in the highly-regulated domain of international trade by challenging existing approaches for development of EU
     Url https://www.researchgate.net/profile/Helle_Henriksen/publication/46433719_Bringing_is_innovation_in_a_highly-regulated_environment_a_collective_action_perspective/links/54f092ea0cf24eb87940f9f8.pdf


     Search term "Testing"+"Regulated+Domain"
     Title ERK phosphorylation potentiates Elk‐1‐mediated ternary complex formation and transactivation.
     Author ['H Gille', 'M Kortenjann', 'O Thomae', 'C Moomaw']
     Venue The EMBO …
     Year 1995
     Abstract Page 1. The EMBO Journal vol.14 no.5 pp.951-962, 1995 ERK phosphorylation potentiates Elk-i-mediated ternary complex formation and transactivation Hendrik Gille, Monika Kortenjann, Oliver Thomae, Carolyn Moomaw1
     Url https://www.embopress.org/doi/abs/10.1002/j.1460-2075.1995.tb07076.x


     Search term "Testing"+"Regulated+Domain"
     Title PERSONALITY MEASUREMENT AND THE ETHICS OF ASSESSMENT 1
     Author ['S Messick']
     Venue ETS Research Bulletin Series
     Year 1964
     Abstract produce an undesirable impact on the atmosphere of the regulated domain, some provision should also be made for the continuing reappraisal of policy decisions. Page 3. Personality Measurement and the Ethics of Assessment Samuel Messick Educational Testing Service
     Url https://onlinelibrary.wiley.com/doi/abs/10.1002/j.2333-8504.1964.tb00687.x


     Search term "Testing"+"Regulated+Domain"
     Title Traceability-Why do it?
     Author ['G Regan', 'F McCaffery', 'K McDaid', 'D Flood']
     Venue International Conference on …
     Year 2012
     Abstract Given the importance of traceability in the regulated domain of safety critical software, the paper compares the motivations and ben- efits for organizations operating  It is fun- damental for change impact analysis, requirements validation and regression testing among others
     Url https://link.springer.com/chapter/10.1007/978-3-642-30439-2_15


     Search term "Testing"+"Regulated+Domain"
     Title A learning approach for knowledge acquisition in the legal domain
     Author ['E Francesconi']
     Venue Approaches to Legal Ontologies
     Year 2011
     Abstract or conceptual knowledge base (thesaurus, ontology, semantic network) able to provide information and relationships among the Entities of a regulated domain  Some experiments testing the reliability of xmLegesExtractor have been carried out on a dataset of 209 provisions
     Url https://link.springer.com/chapter/10.1007/978-94-007-0120-5_13


     Search term "Testing"+"Regulated+Domain"
     Title Real-Life challenges in automotive release planning
     Author ['K Marner', 'S Theobald', 'S Wagner']
     Venue 2019 Federated Conference …
     Year 2019
     Abstract The automotive domain is a strongly regulated domain. Therefore, this combination cannot start in a green field, as strategic frameworks define different phases of the development process. The Qualification Phase (QP) is the repetitive integration and testing process of an
     Url https://ieeexplore.ieee.org/abstract/document/8859992/


     Search term "Testing"+"Regulated+Domain"
     Title Photoreceptor specific guanylate cyclases in vertebrate phototransduction
     Author ['KW Koch', 'T Duda', 'RK Sharma']
     Venue Molecular and cellular biochemistry
     Year 2002
     Abstract Although both groups used similar approaches, screening of an overlapping peptide library and testing of specifically constructed ROS-GC1 mutants, the  In a recent study a three-dimensional atomic model of this ATP-regulated domain (ARM) has been con- structed and
     Url https://link.springer.com/article/10.1023/A:1014209711793


     Search term "Testing"+"Regulated+Domain"
     Title Towards Continuous Delivery for Domain Experts: Using MDE to Integrate Non-Programmers into a Software Delivery Pipeline
     Author ['H Nehls', 'D Ratiu']
     Venue … ACM/IEEE 22nd International Conference on …
     Year 2019
     Abstract d) Regulated Domain: Every tool of our eco-system shall comply to the predefined development process for medical software  The manual testing campaign is performed before any major tool release, after the migration to new versions of MPS, or ”impact based” when changes
     Url https://ieeexplore.ieee.org/abstract/document/8904815/


     Search term "Testing"+"Regulated+Domain"
     Title Multi-domain heterogeneous process-voltage-temperature tracking for integrated circuit power reduction
     Author ['JS Ibrahimovic', 'MR Kakoee', 'SHJ Hu']
     Venue US Patent 9,400,308
     Year 2016
     Abstract The appropriate voltage for each supply domain can be stored (eg, by blowing fuses) during the testing process based on measurements from the  PVT monitors in each power and supply domain and a central controller per each supply domain or sub-regulated domain and per
     Url https://patents.google.com/patent/US9400308B2/en


     Search term "Testing"+"Regulated+Domain"
     Title Grid and Market Hub: Empowering Local Energy Communities in InteGrid
     Author ['R Bessa', 'F Coelho', 'X Rodrigues']
     Venue Proceedings of the …
     Year 2018
     Abstract In this context, InteGrid project aims at developing and testing a grid and market hub (gm-hub) cloud-based solution to support the  The gm-hub operates in a regulated domain, thus all the embedded services should respect the regulatory framework for data management and
     Url https://integrid-h2020.eu/assets/artigos_cientificos/Grid%20and%20market%20hub%20empowrting%20local%20energy%20communities%20in%20InteGrid[1].pdf


     Search term "Testing"+"Regulated+Domain"
     Title Smart metering for the future energy systems in the Netherlands
     Author ['LO AlAbdulkarim', 'Z Lukszo']
     Venue 2009 Fourth International …
     Year 2009
     Abstract However, in the Netherlands, a country where the system lies within the regulated domain under which grid operators function in a monopolistic manner, the  This was to be followed by a second testing phase that includes a thorough testing of the NTA 8130 requirements [23]
     Url https://ieeexplore.ieee.org/abstract/document/5071484/


     Search term "Testing"+"Regulated+Domain"
     Title Evaluation of mutation testing in a nuclear industry case study
     Author ['P Delgado-Pérez', 'I Habli', 'S Gregory']
     Venue IEEE Transactions …
     Year 2018
     Abstract As such, it is a highly regulated domain with rigorous assessment practices. Require- ments include a high degree of redundancy and diversity in design, both for hardware and software, and independence in testing and certification
     Url https://ieeexplore.ieee.org/abstract/document/8453820/


     Search term "Testing"+"Regulated+Domain"
     Title Analysis and Design of Integrated Voltage Regulators for Supply Noise Rejection During System-Level ESD
     Author ['Y Xiu', 'E Rosenbaum']
     Venue … Transactions on Circuits and Systems I …
     Year 2020
     Abstract examine the noise on an internally regulated supply, VDD, for the case that the IO supply domain and the internally regulated domain have separate  occur at high ESD levels or in packages with large inductances [8]. Secondary discharges during IEC 61000-4-2 testing [24], [25
     Url https://ieeexplore.ieee.org/abstract/document/9130753/


     Search term "Testing"+"Regulated+Domain"
     Title Utilization of cartilage graft technology for the testing of novel chondro‐therapeutic agents
     Author ['A Hall', 'A Hayes', 'L Brown', 'R Tubo']
     Venue International Journal of …
     Year 2004
     Abstract Page 1. British Society for Matrix Biology Meeting, Manchester, 5–6 April 2004 Grappling with the glycome Gavin C. Jones, Nicholas T. Seyfried and Edward R. Bastow The spring 2004 meeting of the BSMB was held at Hulme Hall, University of Manchester on 5–6 April
     Url https://onlinelibrary.wiley.com/doi/abs/10.1111/j.0959-9673.2004.0390x.x


     Search term "Testing"+"Regulated+Domain"
     Title Characteristics of salt appetite in chronically sodium-depleted rats using a progressive ratio schedule of procurement
     Author ['LJ Starr', 'NE Rowland']
     Venue Physiology & behavior
     Year 2006
     Abstract The data are discussed in terms of definitions of satiation of appetite in regard to the tightly regulated domain of body fluid homeostasis, and by extension, their relevance to systems such  Low sodium food was available between testing on Friday and the next injection on Sunday
     Url https://www.sciencedirect.com/science/article/pii/S0031938406001776


     Search term "Testing"+"Regulated+Domain"
     Title Phosphorylation-dependent formation of a quaternary complex at the c-fos SRE.
     Author ['H Gille', 'M Kortenjann', 'T Strahl']
     Venue Molecular and cellular …
     Year 1996
     Abstract The ets box is the DNA-binding domain; SID, the SRF interaction domain; KRD, the kinase-regulated domain  By testing a series of nine Elk-1 mutants each lacking a potential phosphorylation site, we could demonstrate that despite the variation in ternary com- plex
     Url https://mcb.asm.org/content/16/3/1094.short


     Search term "Testing"+"Regulated+Domain"
     Title Adaptive normative modelling: a case study in the public-transport domain
     Author ['R Christiaanse', 'P Griffioen', 'J Hulstijn']
     Venue … on e-Business, e-Services and e …
     Year 2015
     Abstract Such analyses can be used in the planning and control cycle, for forecasting, setting a budget, testing and possibly adjusting the budget  The governance setting is similar to that described in [6]. This is a highly regulated domain; compliance plays an important role
     Url https://link.springer.com/chapter/10.1007/978-3-319-25013-7_34


     Search term "Testing"+"Regulated+Domain"
     Title International and Specific Approach in Total Quality Management, including Local Conditions, Human and Environment Factors in Romania
     Author []
     Venue Science and Technology Management
     Year 1998
     Abstract manner. -Juridical definition of testing reports emitted hy accredited and non-accredited lahoratories. -Juridical characterization of certification hodies or organizations, together with the defmition of the'regulated domain'. -Juridical
     Url https://books.google.com/books?hl=de&lr=&id=j2Y8bimqh2gC&oi=fnd&pg=PA39&dq=%22Testing%22+%22Regulated+Domain%22&ots=HpsISKMgGd&sig=W0XAKSltb3WQ0J7luKEHnNNZYAQ


     Search term "Testing"+"Regulated+Domain"
     Title Warning systems—basic components of Hidroelectrica's emergency management system
     Author ['ID Iacob', 'D Zachia']
     Venue Dams and Reservoirs under Changing …
     Year 2011
     Abstract In Romania the protection against floods is a regulated domain in conformity with the Regulation concerning the management of the emergency situations  alarm sig- nals; functions in the event of energy disruption (are equipped with dual power supply); self-testing of the entire
     Url https://books.google.com/books?hl=de&lr=&id=c8PLBQAAQBAJ&oi=fnd&pg=PA123&dq=%22Testing%22+%22Regulated+Domain%22&ots=WRXGt_UpK4&sig=KaxCDpfANoVlDYhEY8jKXv6TnmY


     Search term "Testing"+"Regulated+Domain"
     Title Regulatory domain and regulatory dexterity: Critiquing the UK Governance of 'fracking'
     Author ['E Stokes']
     Venue The Modern Law Review
     Year 2016
     Abstract app-id=1112449211.
     Url https://onlinelibrary.wiley.com/doi/abs/10.1111/1468-2230.12226


     Search term "Testing"+"Regulated+Domain"
     Title Visualizing the effects of requirements evolution
     Author ['S Saito', 'Y Iimura', 'H Tashiro', 'AK Massey']
     Venue Proceedings of the 38th …
     Year 2016
     Abstract In the regulated domain, some rules from the proposed regulations are likely to change when the final regulations are released  effort with two years devoted to requirements definition, two years to architec- tural design, and three years to implementation and testing
     Url https://dl.acm.org/doi/abs/10.1145/2889160.2889237


     Search term "Testing"+"Regulated+Domain"
     Title Release Planning in a Hybrid Project Environment
     Author ['K Marner', 'S Theobald', 'S Wagner']
     Venue Advances in Agile and User-Centred …
     Year 2019
     Abstract Testing: Fully testing the results of all teams individually is already a challenge, but also the integrated product needs to be checked in order to assure all parts work together like expected. The automotive domain is a strongly regulated domain
     Url https://link.springer.com/chapter/10.1007/978-3-030-37534-8_2


     Search term "Testing"+"Regulated+Domain"
     Title TMT-based quantitative proteomic analysis of Eriocheir sinensis hemocytes and thoracic ganglion during Spiroplasma eriocheiris infection
     Author ['L Hou', 'H Zhou', 'H Wan', 'Z Liu', 'L Wang', 'Y Cheng']
     Venue Fish & Shellfish …
     Year 2020
     Abstract proteins. Correction for multiple hypothesis testing was carried out using standard false discovery rate control methods  proteins. Correction for multiple hypothesis testing was carried out using standard false discovery rate control methods
     Url https://www.sciencedirect.com/science/article/pii/S1050464819310526


     Search term "Testing"+"Regulated+Domain"
     Title Searching for common ground: existing literature on automotive agile software product lines
     Author ['P Hohl', 'J Ghofrani', 'J Münch', 'M Stupperich']
     Venue Proceedings of the …
     Year 2017
     Abstract Furthermore, speci c testing con- ditions, like tests in the real car, must be considered  line engineering” ”product line(s)” ”so ware product line development” Word family ”so ware product line engineering” Search keyword 2 ”automotive” Synonyms ”regulated domain(s)” Word
     Url https://dl.acm.org/doi/abs/10.1145/3084100.3084109


     Search term "Testing"+"Regulated+Domain"
     Title Grid and market HUB: empowering local energy communities in integrid
     Author ['P Matos', 'G Pires', 'R Bessa', 'F Coelho', 'A Alonso']
     Venue NA
     Year 2018
     Abstract In this context, InteGrid project aims at developing and testing a grid and market hub (gm-hub) cloud-based solution to support the  The gm-hub operates in a regulated domain, thus all the embedded services should respect the regulatory framework for data management and
     Url https://www.cired-repository.org/handle/20.500.12455/1058


     Search term "Testing"+"Regulated+Domain"
     Title Methods of visualization of the magnetic field using single-crystal ferrite-garnet films
     Author ['YL Gobov', "AG Lavrent'ev", 'KA Ivashova']
     Venue … journal of nondestructive testing
     Year 2003
     Abstract RUSSIAN JOURNAL OF NONDESTRUCTIVE TESTING Vol. 39 No. 3 2003  35, pp. 136–163. 3. Demin, VP, Demin, AP, Mironov, VB, and Pokrovskii, AD, Using Thin Magnetic Films with Regulated Domain Structure for Detecting Fatigue Failure, Defektoskopiya, 1991, no. 3, pp
     Url https://link.springer.com/article/10.1023/B:RUNT.0000009076.80881.f8


     Search term "Testing"+"Regulated+Domain"
     Title Letter spirit(part two): modeling creativity in a visual domain
     Author ['JA Rehling']
     Venue NA
     Year 2001
     Abstract 384 10.3.5 Testing with the training set  ity, the more general object of primary interest. But even typeface design, as much as it is a relatively controlled and regulated domain, involves a daunting amount of complexity and of niggling, potentially microscopic detail
     Url http://goosie.cogsci.indiana.edu/farg/rehling/lspirit/thesis/thesis.pdf


     Search term "Testing"+"Regulated+Domain"
     Title Regulation of gas infrastructure expansion
     Author ['J De Joode']
     Venue NA
     Year 2012
     Abstract Whereas competition has been introduced in the European gas market, the infrastructure parts of the gas value chain have largely remained in the regulated domain because they  remained in the regulated domain and were subjected to third party access regulation – with
     Url https://www.researchgate.net/profile/Jeroen_Joode/publication/254811216_Regulation_of_gas_infrastructure_expansion/links/552fa7a10cf22d43717113f5/Regulation-of-gas-infrastructure-expansion.pdf


     Search term "Testing"+"Regulated+Domain"
     Title When to Constrain the Design? Application of Design Standards on a New Development Program
     Author ['T Katz']
     Venue INCOSE International Symposium
     Year 2020
     Abstract is best served when standards are limited to industries with common products in a highly regulated domain  Standards address the development of performance characteristics, characterization and testing methodologies, manufacturing practices, product evaluation, etc
     Url https://onlinelibrary.wiley.com/doi/abs/10.1002/j.2334-5837.2020.00758.x

