Showing papers for search query "Cyber-physical+system"+OR+"Industrial+control+system"+OR+"ICS"+OR+"SCADA"+OR+"Distributed+control+system"+OR+"DCS"+"DevOps"+"Regulated+Domain"

     Search term "Cyber-physical+system"+OR+"Industrial+control+system"+OR+"ICS"+OR+"SCADA"+OR+"Distributed+control+system"+OR+"DCS"+"DevOps"+"Regulated+Domain"
     Title Data driven decision making in Industrial Control Systems
     Author ['A Bäck']
     Venue NA
     Year 2019
     Abstract Title: Data driven decision making in Industrial Control System Date 12.12.2019 Number of pages 58  to the company´s short term and long - term strategy. Language: English Keywords: ICS, Data, Digitalisation, DevOps Page 4  Here I mean Big Data, IoT, Analytics and DevOps
     Url https://www.theseus.fi/bitstream/handle/10024/266700/Back_Andreas.pdf?sequence=2

