Showing papers for search query "DevOps"+"Regulated+Domain"+"Testing"

     Search term "DevOps"+"Regulated+Domain"+"Testing"
     Title CompliancePal: A Tool for Supporting Practical Agile and Regulatory-Compliant Development of Medical Software
     Author ['V Stirbu', 'T Mikkonen']
     Venue 2020 IEEE International Conference on …
     Year 2020
     Abstract which experimentation can thrive [7]. By having the mundane tasks of testing, integrating, packaging  the standard gets complicated when an implementation relies on agile and DevOps methodologies  team has a low awareness of the constraints of the regulated domain and the
     Url https://ieeexplore.ieee.org/abstract/document/9095608/


     Search term "DevOps"+"Regulated+Domain"+"Testing"
     Title Towards Continuous Delivery for Domain Experts: Using MDE to Integrate Non-Programmers into a Software Delivery Pipeline
     Author ['H Nehls', 'D Ratiu']
     Venue … ACM/IEEE 22nd International Conference on …
     Year 2019
     Abstract high automation ❖ rich consistency checks ❖ integration ❖ gapless modeling ❖ devops  d) Regulated Domain: Every tool of our eco-system shall comply to the predefined development  The manual testing campaign is performed before any major tool release, after the migration
     Url https://ieeexplore.ieee.org/abstract/document/8904815/


     Search term "DevOps"+"Regulated+Domain"+"Testing"
     Title To what extent the medical device software regulations can be achieved with agile software development methods? XP—DSDM—Scrum
     Author ['Ö Özcan-Top', 'F McCaffery']
     Venue The Journal of Supercomputing
     Year 2019
     Abstract Lean Development, Feature Driven Development, and DevOps are the other agile methods that were referred in the papers  5. DEV.5 Software Integration and Integration Testing  With this definition of Stories in XP, we could say it is not a suitable format for a regulated domain
     Url https://link.springer.com/article/10.1007/s11227-019-02793-x


     Search term "DevOps"+"Regulated+Domain"+"Testing"
     Title The journeys
     Author ['B Fitzgerald', 'KJ Stol', 'S Minör', 'H Cosmo']
     Venue Scaling a Software Business
     Year 2017
     Abstract Page 1. 58 56 B. Fitzgerald et al., Scaling a Software Business, DOI 10.1007/978-3-319-53116- 8_2 © The Author(s) 2017 The journeys Travel brochures Page 2. 59 57 journeys Travel brochures and stories Page 3. And stories 58 60 86 100 120 142 160 182 212 Page 4
     Url https://link.springer.com/chapter/10.1007/978-3-319-53116-8_2


     Search term "DevOps"+"Regulated+Domain"+"Testing"
     Title Data driven decision making in Industrial Control Systems
     Author ['A Bäck']
     Venue NA
     Year 2019
     Abstract Safety is a very regulated domain and as such has a very conservative view on how development shall take place  DevOps: Development and Operations  products and find out what customers wants from A/B testing. Benchmarking and gap analysis
     Url https://www.theseus.fi/bitstream/handle/10024/266700/Back_Andreas.pdf?sequence=2


     Search term "DevOps"+"Regulated+Domain"+"Testing"
     Title GAME: Global agile model for enterprises
     Author ['MA Razzak']
     Venue NA
     Year 2020
     Abstract 134 7.3.1 Elaborating GAME's Roadmaps . . . . . 134 7.3.2 Scaling Agile in the Regulated Domain . . . . . 134 7.3.3 Role based Decision Support Process Improvement Repos- itory . . . . . 135 7.3.4 Gamification
     Url https://ulir.ul.ie/handle/10344/9282

